<ha>
</h1t
<text color="test">